<?xml version="1.0" encoding="UTF-8"?>
<testsuites name="jest tests" tests="6" failures="0" time="11.49">
  <testsuite name="src\App.test.tsx" errors="0" failures="0" skipped="0" timestamp="2022-08-05T13:39:43" time="6.532" tests="1">
    <testcase classname="Input Component - should render app component" name="Input Component - should render app component" time="0.154">
    </testcase>
  </testsuite>
  <testsuite name="src\features\language\language-actions.test.ts" errors="0" failures="0" skipped="0" timestamp="2022-08-05T13:39:49" time="0.443" tests="3">
    <testcase classname="language actions - should init the language feature for the app" name="language actions - should init the language feature for the app" time="0.003">
    </testcase>
    <testcase classname="language actions - should set the language index" name="language actions - should set the language index" time="0.002">
    </testcase>
    <testcase classname="language actions - should display an error message when theres an issue loading the language" name="language actions - should display an error message when theres an issue loading the language" time="0.001">
    </testcase>
  </testsuite>
  <testsuite name="src\app\components\browser-tab\browser-tab.test.tsx" errors="0" failures="0" skipped="0" timestamp="2022-08-05T13:39:50" time="1.231" tests="1">
    <testcase classname="browser tab must:  - renders without crashing" name="browser tab must:  - renders without crashing" time="0.023">
    </testcase>
  </testsuite>
  <testsuite name="src\features\language\language-reducer.test.ts" errors="0" failures="0" skipped="0" timestamp="2022-08-05T13:39:51" time="0.393" tests="1">
    <testcase classname="language reducer - languageSuccessHandler should receive state and action, and return action.payload" name="language reducer - languageSuccessHandler should receive state and action, and return action.payload" time="0.003">
    </testcase>
  </testsuite>
</testsuites>